[2026-05-15 14:42:46] [main] INFO  com.flipkart.testCases.BaseClass - URL opened
[2026-05-15 14:42:49] [main] INFO  com.flipkart.testCases.BaseClass - Popup removed
[2026-05-15 14:42:53] [main] INFO  com.flipkart.testCases.BaseClass - Typed and searched
[2026-05-15 14:42:55] [main] INFO  com.flipkart.testCases.BaseClass - Got price of shoe
[2026-05-15 14:51:36] [main] INFO  com.flipkart.testCases.BaseClass - URL opened
[2026-05-15 14:51:42] [main] INFO  com.flipkart.testCases.BaseClass - Popup removed
[2026-05-15 14:51:47] [main] INFO  com.flipkart.testCases.BaseClass - Typed and searched
[2026-05-15 14:51:48] [main] INFO  com.flipkart.testCases.BaseClass - Got price of shoe
[2026-05-15 15:00:57] [main] INFO  com.flipkart.testCases.BaseClass - URL opened
[2026-05-15 15:00:59] [main] INFO  com.flipkart.testCases.BaseClass - Popup removed
[2026-05-15 15:01:06] [main] INFO  com.flipkart.testCases.BaseClass - Typed and searched
[2026-05-15 15:01:08] [main] INFO  com.flipkart.testCases.BaseClass - Got price of shoe
[2026-05-15 15:19:40] [main] INFO  com.flipkart.testCases.BaseClass - URL opened
[2026-05-15 15:19:44] [main] INFO  com.flipkart.testCases.BaseClass - Popup removed
[2026-05-15 15:19:53] [main] INFO  com.flipkart.testCases.BaseClass - Typed and searched
[2026-05-15 15:19:54] [main] INFO  com.flipkart.testCases.BaseClass - Got price of shoe
[2026-05-15 15:23:05] [main] INFO  com.flipkart.testCases.BaseClass - URL opened
[2026-05-15 15:23:08] [main] INFO  com.flipkart.testCases.BaseClass - Popup removed
[2026-05-15 15:23:17] [main] INFO  com.flipkart.testCases.BaseClass - Typed and searched
[2026-05-15 15:23:18] [main] INFO  com.flipkart.testCases.BaseClass - Got price of shoe
[2026-05-15 17:18:53] [main] INFO  com.flipkart.testCases.BaseClass - URL opened
[2026-05-15 17:19:00] [main] INFO  com.flipkart.testCases.BaseClass - Popup removed
[2026-05-15 17:19:04] [main] INFO  com.flipkart.testCases.BaseClass - Typed and searched
[2026-05-15 17:19:05] [main] INFO  com.flipkart.testCases.BaseClass - Got price of shoe
[2026-05-15 17:20:38] [main] INFO  com.flipkart.testCases.BaseClass - URL opened
[2026-05-15 17:20:39] [main] INFO  com.flipkart.testCases.BaseClass - Popup removed
[2026-05-15 17:20:41] [main] INFO  com.flipkart.testCases.BaseClass - Typed and searched
[2026-05-15 17:20:42] [main] INFO  com.flipkart.testCases.BaseClass - Got price of shoe
[2026-05-15 17:36:06] [main] INFO  com.flipkart.testCases.BaseClass - URL opened
[2026-05-15 17:36:12] [main] INFO  com.flipkart.testCases.BaseClass - Popup removed
[2026-05-15 17:36:16] [main] INFO  com.flipkart.testCases.BaseClass - Typed and searched
[2026-05-15 17:36:17] [main] INFO  com.flipkart.testCases.BaseClass - Got price of shoe
[2026-05-15 17:36:17] [main] INFO  com.flipkart.testCases.BaseClass - Test passed
[2026-05-15 18:08:50] [main] INFO  com.flipkart.testCases.BaseClass - URL opened
[2026-05-15 18:08:51] [main] INFO  com.flipkart.testCases.BaseClass - Popup removed
[2026-05-15 18:08:54] [main] INFO  com.flipkart.testCases.BaseClass - Typed and searched
[2026-05-15 18:08:55] [main] INFO  com.flipkart.testCases.BaseClass - Got price of shoe
[2026-05-15 18:08:55] [main] INFO  com.flipkart.testCases.BaseClass - Test passed
[2026-05-15 18:14:50] [main] INFO  com.flipkart.testCases.BaseClass - URL opened
[2026-05-15 18:14:51] [main] INFO  com.flipkart.testCases.BaseClass - Popup removed
[2026-05-15 18:14:54] [main] INFO  com.flipkart.testCases.BaseClass - Typed and searched
[2026-05-15 18:14:55] [main] INFO  com.flipkart.testCases.BaseClass - Got price of shoe
[2026-05-15 18:14:55] [main] INFO  com.flipkart.testCases.BaseClass - Test passed
[2026-05-18 11:07:48] [main] INFO  com.flipkart.testCases.BaseClass - URL opened
[2026-05-18 11:07:56] [main] INFO  com.flipkart.testCases.BaseClass - Popup removed
[2026-05-18 11:08:02] [main] INFO  com.flipkart.testCases.BaseClass - Typed and searched
[2026-05-18 11:22:10] [main] INFO  com.flipkart.testCases.BaseClass - URL opened
[2026-05-18 11:22:17] [main] INFO  com.flipkart.testCases.BaseClass - Popup removed
[2026-05-18 11:22:21] [main] INFO  com.flipkart.testCases.BaseClass - Typed and searched
[2026-05-18 11:24:34] [main] INFO  com.flipkart.testCases.BaseClass - URL opened
[2026-05-18 11:24:35] [main] INFO  com.flipkart.testCases.BaseClass - Popup removed
[2026-05-18 11:24:39] [main] INFO  com.flipkart.testCases.BaseClass - Typed and searched
[2026-05-18 11:31:36] [main] INFO  com.flipkart.testCases.BaseClass - URL opened
[2026-05-18 11:31:43] [main] INFO  com.flipkart.testCases.BaseClass - Popup removed
[2026-05-18 11:31:48] [main] INFO  com.flipkart.testCases.BaseClass - Typed and searched
[2026-05-18 11:39:17] [main] INFO  com.flipkart.testCases.BaseClass - URL opened
[2026-05-18 11:39:18] [main] INFO  com.flipkart.testCases.BaseClass - Popup removed
[2026-05-18 11:39:21] [main] INFO  com.flipkart.testCases.BaseClass - Typed and searched
[2026-05-18 11:45:35] [main] INFO  com.flipkart.testCases.BaseClass - URL opened
[2026-05-18 11:45:42] [main] INFO  com.flipkart.testCases.BaseClass - Popup removed
[2026-05-18 11:45:47] [main] INFO  com.flipkart.testCases.BaseClass - Typed and searched
[2026-05-18 12:20:52] [main] INFO  com.flipkart.testCases.BaseClass - URL opened
[2026-05-18 12:20:55] [main] INFO  com.flipkart.testCases.BaseClass - Popup removed
[2026-05-18 12:21:00] [main] INFO  com.flipkart.testCases.BaseClass - Typed and searched
[2026-05-18 13:08:10] [main] INFO  com.flipkart.testCases.BaseClass - URL opened
[2026-05-18 13:08:16] [main] INFO  com.flipkart.testCases.BaseClass - Popup removed
[2026-05-18 13:08:20] [main] INFO  com.flipkart.testCases.BaseClass - Typed and searched
[2026-05-18 14:02:39] [main] INFO  com.flipkart.testCases.BaseClass - URL opened
[2026-05-18 14:02:41] [main] INFO  com.flipkart.testCases.BaseClass - Popup removed
[2026-05-18 14:02:48] [main] INFO  com.flipkart.testCases.BaseClass - Typed and searched
[2026-05-18 14:02:50] [main] INFO  com.flipkart.testCases.BaseClass - Got price of shoe
[2026-05-18 14:02:50] [main] INFO  com.flipkart.testCases.BaseClass - Test passed
[2026-08-27 22:04:40] [main] INFO  com.flipkart.testCases.BaseClass - URL opened
[2026-08-27 22:04:41] [main] INFO  com.flipkart.testCases.BaseClass - Popup removed
[2026-08-27 22:04:47] [main] INFO  com.flipkart.testCases.BaseClass - Typed and searched
[2026-08-27 22:04:50] [main] INFO  com.flipkart.testCases.BaseClass - Got price of shoe
[2026-08-27 22:04:50] [main] INFO  com.flipkart.testCases.BaseClass - Test passed
[2026-08-27 22:10:58] [main] INFO  com.flipkart.testCases.BaseClass - URL opened
[2026-08-27 22:11:00] [main] INFO  com.flipkart.testCases.BaseClass - Popup removed
[2026-08-27 22:11:04] [main] INFO  com.flipkart.testCases.BaseClass - Typed and searched
[2026-08-27 22:11:07] [main] INFO  com.flipkart.testCases.BaseClass - Got price of shoe
[2026-08-27 22:11:07] [main] INFO  com.flipkart.testCases.BaseClass - Test passed
[2026-09-07 17:07:18] [main] INFO  com.flipkart.testCases.BaseClass - URL opened
[2026-09-07 17:07:20] [main] INFO  com.flipkart.testCases.BaseClass - Popup removed
[2026-09-07 17:07:22] [main] INFO  com.flipkart.testCases.BaseClass - Typed and searched
[2026-09-07 17:07:24] [main] INFO  com.flipkart.testCases.BaseClass - Got price of shoe
[2026-09-07 17:08:52] [main] INFO  com.flipkart.testCases.BaseClass - URL opened
[2026-09-07 17:08:53] [main] INFO  com.flipkart.testCases.BaseClass - Popup removed
[2026-09-07 17:08:56] [main] INFO  com.flipkart.testCases.BaseClass - Typed and searched
[2026-09-07 17:08:58] [main] INFO  com.flipkart.testCases.BaseClass - Got price of shoe
[2026-09-07 17:10:00] [main] INFO  com.flipkart.testCases.BaseClass - URL opened
[2026-09-07 17:10:01] [main] INFO  com.flipkart.testCases.BaseClass - Popup removed
[2026-09-07 17:10:04] [main] INFO  com.flipkart.testCases.BaseClass - Typed and searched
[2026-09-07 17:10:06] [main] INFO  com.flipkart.testCases.BaseClass - Got price of shoe
[2026-09-07 17:10:06] [main] INFO  com.flipkart.testCases.BaseClass - Test passed
